Starting TWRP 3.7.1_12-Chiclet_v2-5c3d206a on Sat May  9 01:08:20 2026
 (pid 507)
TW_NO_REBOOT_BOOTLOADER := true
RECOVERY_SDCARD_ON_DATA := true
I:Lun file '/config/usb_gadget/g1/functions/mass_storage.0/lun.0/file' does not exist, USB storage mode disabled
TW_HAS_DOWNLOAD_MODE := true
PRODUCT_USE_DYNAMIC_PARTITIONS := true
I:TW_BRIGHTNESS_PATH := /sys/class/backlight/panel/brightness
I:Found brightness file at '/sys/class/backlight/panel/brightness'
I:TWFunc::Set_Brightness: Setting brightness control to 255
I:TW_EXCLUDE_ENCRYPTED_BACKUPS := true
I:LANG: en
I:Startup Commands: 
=> Linking mtab
=> Processing /etc/recovery.fstab
I:Reading /etc/twrp.flags
I:Reading /etc/recovery.fstab
I:Processing '/system'
I:Created '/system_root' folder.
I:Unhandled flag: 'first_stage_mount'
I:Trying to prepare system from super partition
I:Symlinking /dev/block/dm-0 => /dev/block/bootdevice/by-name/system 
I:Found an additional entry for '/system'
I:Processing '/system'
I:Processing '/vendor'
I:Unhandled flag: 'first_stage_mount'
I:Trying to prepare vendor from super partition
I:Symlinking /dev/block/dm-1 => /dev/block/bootdevice/by-name/vendor 
I:Found an additional entry for '/vendor'
I:Processing '/vendor'
I:Processing '/product'
I:Unhandled flag: 'first_stage_mount'
I:Trying to prepare product from super partition
I:Symlinking /dev/block/dm-2 => /dev/block/bootdevice/by-name/product 
I:Found an additional entry for '/product'
I:Processing '/product'
I:Processing '/odm'
I:Unhandled flag: 'first_stage_mount'
I:Trying to prepare odm from super partition
I:Symlinking /dev/block/dm-3 => /dev/block/bootdevice/by-name/odm 
I:Found an additional entry for '/odm'
I:Processing '/odm'
I:Processing '/metadata'
I:Unhandled flag: 'first_stage_mount'
I:Processing '/data'
I:Unhandled flag: 'latemount'
I:FBE contents 'aes-256-xts', filenames 'aes-256-cts:v2'
I:Unhandled flag: 'reservedsize=128M'
I:Unhandled flag: 'checkpoint=fs'
I:Enabling 'fs compression'
I:setting Key_Directory to: /metadata/vold/metadata_encryption
I:Processing '/misc'
I:Unhandled flag: 'first_stage_mount'
I:Processing remaining twrp.flags
I:Processing '/boot'
I:Processing '/cache'
I:Created '/cache' folder.
I:Processing '/cp_debug'
I:Processing '/dtbo'
I:Processing '/efs'
I:Processing '/modem'
I:Processing '/odm_image'
I:Processing '/optics_image'
I:Processing '/param'
I:Processing '/prism_image'
I:Processing '/product_image'
I:Processing '/recovery'
I:Processing '/sec_efs'
I:Created '/sec_efs' folder.
I:Processing '/system_image'
I:Processing '/usb-otg'
I:Created '/usb-otg' folder.
I:Processing '/vbmeta_samsung'
I:Processing '/vbmeta_system'
I:Processing '/vendor_boot'
I:Processing '/vendor_image'
I:Setting 'external_storage.casefold.enabled' to '1' from /vendor/build.prop
I:Setting 'external_storage.sdcardfs.enabled' to '0' from /vendor/build.prop
I:GetFstabPath: /odm/etc/fstab.exynos2100
I:GetFstabPath: /vendor/etc/fstab.exynos2100
I:Fstab: /vendor/etc/fstab.exynos2100
I:Reading /etc/additional.fstab
I:Processing '/metadata'
I:Unhandled flag: 'first_stage_mount'
I:Processing '/data'
I:Unhandled flag: 'latemount'
I:Unhandled flag: 'reservedsize=128M'
I:Unhandled flag: 'checkpoint=fs'
I:Enabling 'fs compression'
I:setting Key_Directory to: /metadata/vold/metadata_encryption
I:Done processing fstab files
I:Property ro.boot.product.vendor.sku not found, trying to get vintf manifest file name from ro.board.platform
I:Separate manifest doesn't exist for 'android.hardware.keymaster'
I:/vendor/etc/vintf/manifest_exynos2100.xml not found. Using default path for manifest.xml
I:PageManager::LoadFileToBuffer loading filename: '/vendor/etc/vintf/manifest.xml' directly
I:Looking for 'android.hardware.keymaster' service in manifest
I:Found version in manifest: 4.0
I:Keymaster_Ver::Using keymaster version '4.x' for decryption
Starting the UI...
Skipping adf graphics -- not present in build tree
cannot find/open a drm device: No such file or directory
fb0 reports (possibly inaccurate):
  vi.bits_per_pixel = 32
  vi.red.offset   =  16   .length =   8
  vi.green.offset =   8   .length =   8
  vi.blue.offset  =   0   .length =   8
setting GGL_PIXEL_FORMAT_BGRA_8888
double buffered
framebuffer: 3 (1080 x 2400)
Using fbdev graphics.
I:TWFunc::Set_Brightness: Setting brightness control to 255
I:Loading package: splash (/twres/splash.xml)
I:Load XML directly
I:PageManager::LoadFileToBuffer loading filename: '/twres/splash.xml' directly
I:Checking resolution...
I:Scaling theme width 1.000000x and height 1.197917x, offsets x: 0 y: 100 w: 0 h: -100
I:Loading resources...
I:Loading variables...
I:Loading mouse cursor...
I:Loading pages...
I:Loading page splash
I:Switching packages (splash)
I:Setting up '/data' as data/media emulated storage.
matches was 1 on <</dev/block/sda34 >>
I:Adding user-defined path '/data/fonts/files' to the backup exclusions
I:Apex is disabled in this build
I:No recovery folder found. Using default folder.
matches was 1 on <</dev/block/sda34 >>
I:Backup folder set to '/data/media/0/TWRP/BACKUPS/RFCRA1PY67M'
Updating partition details...
I:checking for twrp app
matches was 1 on <</dev/block/sda34 >>
matches was 1 on <</dev/block/sda34 >>
matches was 1 on <</dev/block/sda34 >>
matches was 1 on <</dev/block/sda34 >>
I:Data backup size is 337MB, free: 37316MB.
...done
matches was 1 on <</dev/block/sda34 >>
/super | /dev/block/by-name/super | Size: 0MB
   Flags: Can_Be_Backed_Up IsPresent Can_Flash_Img 
   Alternate_Block_Device: /dev/block/by-name/super
   Display_Name: super
   Backup_Path: /super
   Backup_Name: super
   Backup_Display_Name: Super (system vendor product odm)
   Current_File_System: emmc
   Backup_Method: dd

I:Unmounting main partitions...
matches was 1 on <</dev/block/sda34 >>
I:Loading package: TWRP (/data/recovery/theme/ui.zip)
I:Loading zip theme
I:Loading package: TWRP (/twres/ui.xml)
I:Load XML directly
I:PageManager::LoadFileToBuffer loading filename: '/twres/languages/zh_TW.xml' directly
I:PageManager::LoadFileToBuffer loading filename: '/twres/languages/zh_CN.xml' directly
I:PageManager::LoadFileToBuffer loading filename: '/twres/languages/uk.xml' directly
I:PageManager::LoadFileToBuffer loading filename: '/twres/languages/tr.xml' directly
I:PageManager::LoadFileToBuffer loading filename: '/twres/languages/sv.xml' directly
I:PageManager::LoadFileToBuffer loading filename: '/twres/languages/sl.xml' directly
I:PageManager::LoadFileToBuffer loading filename: '/twres/languages/sk.xml' directly
I:PageManager::LoadFileToBuffer loading filename: '/twres/languages/ru.xml' directly
I:PageManager::LoadFileToBuffer loading filename: '/twres/languages/pt_PT.xml' directly
I:PageManager::LoadFileToBuffer loading filename: '/twres/languages/pt_BR.xml' directly
I:PageManager::LoadFileToBuffer loading filename: '/twres/languages/pl.xml' directly
I:PageManager::LoadFileToBuffer loading filename: '/twres/languages/nl.xml' directly
I:PageManager::LoadFileToBuffer loading filename: '/twres/languages/lk.xml' directly
I:PageManager::LoadFileToBuffer loading filename: '/twres/languages/ja.xml' directly
I:PageManager::LoadFileToBuffer loading filename: '/twres/languages/it.xml' directly
I:PageManager::LoadFileToBuffer loading filename: '/twres/languages/id.xml' directly
I:PageManager::LoadFileToBuffer loading filename: '/twres/languages/hu.xml' directly
I:PageManager::LoadFileToBuffer loading filename: '/twres/languages/fr.xml' directly
I:PageManager::LoadFileToBuffer loading filename: '/twres/languages/es.xml' directly
I:PageManager::LoadFileToBuffer loading filename: '/twres/languages/en.xml' directly
I:PageManager::LoadFileToBuffer loading filename: '/twres/languages/el.xml' directly
I:PageManager::LoadFileToBuffer loading filename: '/twres/languages/de.xml' directly
I:PageManager::LoadFileToBuffer loading filename: '/twres/languages/cz.xml' directly
I:PageManager::LoadFileToBuffer loading filename: '/twres/languages/en.xml' directly
parsing languageFile
parsing languageFile done
I:PageManager::LoadFileToBuffer loading filename: '/twres/ui.xml' directly
I:Checking resolution...
I:Scaling theme width 1.000000x and height 1.197917x, offsets x: 0 y: 100 w: 0 h: -100
I:Loading resources...
I:Failed to load image from indeterminate013, error -1
I:Loading variables...
I:Loading mouse cursor...
I:Loading pages...
I:Including file: /twres/portrait.xml...
I:PageManager::LoadFileToBuffer loading filename: '/twres/portrait.xml' directly
I:Loading resources...
I:Loading variables...
I:Loading mouse cursor...
I:Loading pages...
I:Loading page main
I:Loading page main2
I:Loading page install
I:Loading page flash_confirm
I:Loading page flash_zip
I:Loading page flash_done
I:Loading page flash_sleep_and_reboot
I:Loading page flashimage_confirm
I:Loading page clear_vars
I:Loading page reboot_system_routine
I:Loading page confirm_action
I:Loading page action_page
I:Loading page singleaction_page
I:Loading page action_complete
I:Loading page filecheck
I:Loading page rebootcheck
I:Loading page wipe
I:Loading page advancedwipe
I:Loading page formatdata
I:Loading page formatdata_confirm
I:Loading page checkpartitionlist
I:Loading page partitionoptions
I:Loading page refreshfilesystem
I:Loading page selectfilesystem
I:Loading page backup
I:Loading page multiuser_warning
I:Loading page backup_options
I:Loading page backupname1
I:Loading page backupname2
I:Loading page backupencryption
I:Loading page backupencryption2
I:Loading page checkbackuppassword
I:Loading page backup_run
I:Loading page restore
I:Unable to open '/data/media/0/TWRP/BACKUPS/RFCRA1PY67M'
I:Loading page restore_force
I:Unable to open '/data/media/0/TWRP/BACKUPS'
I:Loading page restore_read
I:Loading page restore_decrypt
I:Loading page try_restore_decrypt
I:Loading page restore_select
I:Loading page renamebackup
I:Loading page restore_run
I:Loading page mount
I:Loading page usb_mount
I:Loading page usb_umount
I:Loading page system_readonly_check
I:Loading page fastbootreboot
I:Loading page reboot
I:Loading page installapp
I:Loading page system_readonly
I:Loading page settings
I:Loading page settings_timezone
I:Loading page settings_screen
I:Loading page settings_vibration
I:Loading page settings_language
I:Loading page copylog
I:Loading page advanced
I:Loading page partsdcardsel
I:Loading page partsdcardcheck
I:Loading page partsdcard
I:Loading page repackselect
I:Loading page repackconfirm
I:Loading page lock
I:Loading page filemanagerlist
I:Loading page filemanageroptions
I:Loading page choosedestinationfolder
I:Loading page filemanagerrenamefile
I:Loading page filemanagerrenamefolder
I:Loading page filemanagerchmod
I:Loading page filemanagerconfirm
I:Loading page filemanageraction
I:Loading page decrypt
I:Loading page decrypt_pattern
I:Loading page decrypt_pin
I:Loading page trydecrypt
I:Loading page canceldecrypt
I:Loading page terminalcommand
I:Loading page fastboot
I:Loading page sideload
I:Loading page fixcontexts
I:Loading page slideout
I:Loading page select_storage
I:Loading page select_language
I:Loading page decrypt_users
I:Loading page changeTwrpFolder
I:Loading page restore_keymaster
I:Set page: 'clear_vars'
I:Set page: 'main2'
I:Switching packages (TWRP)
ro.boot.cm.param.offset=7340592
ro.boot.em.did=208af60e444d9011
ro.boot.em.model=SM-G996B
ro.boot.em.status=0x0
ro.boot.em.rdx_dump=false
ro.boot.im.param.offset=7342864
ro.boot.kg=0x6
ro.boot.kg.ap=bbbb00000000000000008af60e444d90
ro.boot.kg.bit=00
ro.boot.me.param.offset=7342944
ro.boot.pd.param.offset=7340644
ro.boot.pr.param.offset=7343104
ro.boot.rp=19
ro.boot.sb.debug0=0x0,0x0,0x0,0x0
ro.boot.sn.param.offset=7343024
ro.boot.wb.hs=0e03
ro.boot.wb.snapQB=49855041R
ro.boot.wc.param.offset=7340632
ro.boot.asb=18
ro.boot.sku.param.offset=7343184
ro.boot.svb.ver=SVB1.0
ro.boot.sales.param.offset=7340568
ro.boot.ulcnt=75
ro.boot.subpcb=0
ro.boot.phandle=
ro.boot.sec_atd.tty=/dev/ttySAC0
ro.boot.selinux=enforcing
ro.boot.bore_cnt=715
ro.boot.ddr_size=8
ro.boot.dtbo_idx=7
ro.boot.hardware=exynos2100
ro.boot.revision=22
ro.boot.slavepcb=0
ro.boot.ucs_mode=0
ro.boot.ap_serial=0x8AF60E444D90
ro.boot.carrierid=EUX
ro.boot.carrierid.param.offset=7340596
ro.boot.dram_info=01,08,00,8G
ro.boot.edtbo_ver=0
ro.boot.fastbootd=false
ro.boot.prototype.param.offset=7351040
ro.boot.bootloader=G996BXXSJHZC2
ro.boot.fmp_config=0
ro.boot.hdm_status=NONE
ro.boot.debug_level=0x4f4c
ro.boot.boot_devices=13100000.ufs
ro.boot.edtbo_offset=7381760
ro.boot.force_upload=0x0
ro.boot.warranty_bit=1
ro.boot.emmc_checksum=3
ro.boot.hmac_mismatch=0
ro.boot.cp_reserved_mem=off
ro.boot.recovery_offset=7355136
ro.boot.force_normal_boot=0
ro.boot.verifiedbootstate=orange
ro.baseband=unknown
ro.bootmode=unknown
ro.hardware=exynos2100
ro.revision=22
ro.bootloader=G996BXXSJHZC2
ro.boottime.adbd=5469529111
ro.boottime.init=1326477768
ro.boottime.init.modules=1901
ro.boottime.init.selinux=33926000
ro.boottime.init.first_stage=3953487266
ro.boottime.init.cold_boot_wait=111
ro.boottime.logd=5449960919
ro.boottime.ueventd=5334371765
ro.boottime.recovery=5466801380
ro.boottime.watchdogd=5451478688
ro.boottime.health-hal-2-1=5468221188
ro.boottime.hwservicemanager=5452807611
ro.boottime.vndservicemanager=5458387765
ro.odm.build.date=Mon Mar 16 02:54:42 UTC 2026
ro.odm.build.date.utc=1773629682
ro.odm.build.version.incremental=eng.runner.20260316.025715
ro.odm.build.fingerprint=samsung/twrp_t2s/t2s:99.87.36/SP2A.220405.004/runner03160254:eng/test-keys
ro.product.odm.name=twrp_t2s
ro.product.odm.brand=samsung
ro.product.odm.model=SAMSUNG_t2s
ro.product.odm.device=t2s
ro.product.odm.manufacturer=samsung
ro.build.id=SP2A.220405.004
ro.build.date=Mon Mar 16 02:54:42 UTC 2026
ro.build.date.utc=1773629682
ro.build.host=runnervm46oaq
ro.build.tags=test-keys
ro.build.type=eng
ro.build.user=runner
ro.build.flavor=twrp_t2s-eng
ro.build.display.id=twrp_t2s-eng 99.87.36 SP2A.220405.004 eng.runner.20260316.025715 test-keys
ro.build.product=t2s
ro.build.version.sdk=32
ro.build.version.base_os=
ro.build.version.release=99.87.36
ro.build.version.codename=REL
ro.build.version.incremental=eng.runner.20260316.025715
ro.build.version.preview_sdk=0
ro.build.version.all_codenames=REL
ro.build.version.security_patch=2099-12-31
ro.build.version.release_or_codename=99.87.36
ro.build.version.preview_sdk_fingerprint=REL
ro.build.version.min_supported_target_sdk=23
ro.build.description=twrp_t2s-eng 99.87.36 SP2A.220405.004 eng.runner.20260316.025715 test-keys
ro.build.characteristics=default
ro.secure=0
ro.system.build.id=SP2A.220405.004
ro.system.build.date=Mon Mar 16 02:54:42 UTC 2026
ro.system.build.date.utc=1773629682
ro.system.build.tags=test-keys
ro.system.build.type=eng
ro.system.build.version.sdk=32
ro.system.build.version.release=99.87.36
ro.system.build.version.incremental=eng.runner.20260316.025715
ro.system.build.version.release_or_codename=99.87.36
ro.system.build.fingerprint=samsung/twrp_t2s/t2s:99.87.36/SP2A.220405.004/runner03160254:eng/test-keys
ro.treble.enabled=true
ro.product.cpu.abi=arm64-v8a
ro.product.cpu.abilist=arm64-v8a
ro.product.cpu.abilist32=
ro.product.cpu.abilist64=arm64-v8a
ro.product.name=twrp_t2s
ro.product.brand=samsung
ro.product.build.id=SP2A.220405.004
ro.product.build.date=Mon Mar 16 02:54:42 UTC 2026
ro.product.build.date.utc=1773629682
ro.product.build.tags=test-keys
ro.product.build.type=eng
ro.product.build.version.sdk=32
ro.product.build.version.release=99.87.36
ro.product.build.version.incremental=eng.runner.20260316.025715
ro.product.build.version.release_or_codename=99.87.36
ro.product.build.fingerprint=samsung/twrp_t2s/t2s:99.87.36/SP2A.220405.004/runner03160254:eng/test-keys
ro.product.model=SAMSUNG_t2s
ro.product.device=t2s
ro.product.system.name=twrp_t2s
ro.product.system.brand=samsung
ro.product.system.model=SAMSUNG_t2s
ro.product.system.device=t2s
ro.product.system.manufacturer=samsung
ro.product.product.name=twrp_t2s
ro.product.product.brand=samsung
ro.product.product.model=SAMSUNG_t2s
ro.product.product.device=t2s
ro.product.product.manufacturer=samsung
ro.product.system_ext.name=twrp_t2s
ro.product.system_ext.brand=samsung
ro.product.system_ext.model=SAMSUNG_t2s
ro.product.system_ext.device=t2s
ro.product.system_ext.manufacturer=samsung
ro.product.manufacturer=samsung
ro.debuggable=1
ro.system_ext.build.id=SP2A.220405.004
ro.system_ext.build.date=Mon Mar 16 02:54:42 UTC 2026
ro.system_ext.build.date.utc=1773629682
ro.system_ext.build.tags=test-keys
ro.system_ext.build.type=eng
ro.system_ext.build.version.sdk=32
ro.system_ext.build.version.release=99.87.36
ro.system_ext.build.version.incremental=eng.runner.20260316.025715
ro.system_ext.build.version.release_or_codename=99.87.36
ro.system_ext.build.fingerprint=samsung/twrp_t2s/t2s:99.87.36/SP2A.220405.004/runner03160254:eng/test-keys
ro.actionable_compatible_property.enabled=true
ro.vendor.build.id=SP2A.220405.004
ro.vendor.build.date=Mon Mar 16 02:54:42 UTC 2026
ro.vendor.build.date.utc=1773629682
ro.vendor.build.tags=test-keys
ro.vendor.build.type=eng
ro.vendor.build.version.sdk=32
ro.vendor.build.version.release=99.87.36
ro.vendor.build.version.incremental=eng.runner.20260316.025715
ro.vendor.build.version.release_or_codename=99.87.36
ro.vendor.build.fingerprint=samsung/twrp_t2s/t2s:99.87.36/SP2A.220405.004/runner03160254:eng/test-keys
ro.vendor.product.cpu.abilist=arm64-v8a
ro.vendor.product.cpu.abilist32=
ro.vendor.product.cpu.abilist64=arm64-v8a
ro.product.board=exynos2100
ro.product.vendor.name=twrp_t2s
ro.product.vendor.brand=samsung
ro.product.vendor.model=SAMSUNG_t2s
ro.product.vendor.device=t2s
ro.product.vendor.manufacturer=samsung
ro.product.first_api_level=30
ro.cold_boot_done=true
ro.bionic.arch=arm64
ro.bionic.2nd_arch=
ro.bionic.cpu_variant=cortex-a76
ro.bionic.2nd_cpu_variant=
ro.dalvik.vm.native.bridge=0
ro.zygote=zygote64
dalvik.vm.isa.arm64.variant=cortex-a76
dalvik.vm.isa.arm64.features=default
dalvik.vm.dexopt.secondary=true
dalvik.vm.dexopt.thermal-cutoff=2
dalvik.vm.usejit=true
dalvik.vm.madvise.artfile.size=4294967295
dalvik.vm.madvise.odexfile.size=104857600
dalvik.vm.madvise.vdexfile.size=104857600
dalvik.vm.lockprof.threshold=500
dalvik.vm.dex2oat-Xms=64m
dalvik.vm.dex2oat-Xmx=512m
dalvik.vm.minidebuginfo=true
dalvik.vm.appimageformat=lz4
dalvik.vm.usejitprofiles=true
dalvik.vm.image-dex2oat-Xms=64m
dalvik.vm.image-dex2oat-Xmx=64m
dalvik.vm.image-dex2oat-filter=extract
dalvik.vm.dex2oat-minidebuginfo=true
dalvik.vm.dex2oat-max-image-block-size=524288
dalvik.vm.dex2oat-resolve-startup-strings=true
dalvik.vm.dex2oat-updatable-bcp-packages-file=/system/etc/updatable-bcp-packages.txt
persist.sys.dalvik.vm.lib.2=libart.so
debug.atrace.tags.enableflags=0
ro.twrp.boot=1
ro.twrp.version=3.7.1_12-Chiclet_v2
ro.twrp.fastbootd=0
ro.wifi.channels=
ro.allow.mock.location=1
ro.build.selinux=1
ro.iorapd.enable=true
ro.kernel.android.checkjni=1
ro.kernel.version=5.4
ro.system.product.cpu.abilist=arm64-v8a
ro.system.product.cpu.abilist32=
ro.system.product.cpu.abilist64=arm64-v8a
ro.postinstall.fstab.prefix=/system
fbe.contents=aes-256-xts
fbe.filenames=aes-256-cts:v2
twrp.super.symlinks_created=true
twrp.crash_counter=0
twrp.action_complete=0
fstab.additional=1
keymaster_ver=4.x
ro.boot.dynamic_partitions=true
ro.hwui.use_vulkan=
ro.board.platform=exynos2100
pm.dexopt.ab-ota=speed-profile
pm.dexopt.shared=speed
pm.dexopt.cmdline=verify
pm.dexopt.install=speed-profile
pm.dexopt.inactive=verify
pm.dexopt.bg-dexopt=speed-profile
pm.dexopt.first-boot=extract
pm.dexopt.install-bulk=speed-profile
pm.dexopt.install-fast=skip
pm.dexopt.install-bulk-secondary=verify
pm.dexopt.install-bulk-downgraded=verify
pm.dexopt.install-bulk-secondary-downgraded=extract
ro.build.fingerprint=samsung/twrp_t2s/t2s:99.87.36/SP2A.220405.004/eng.runner.20260316.025715:eng/test-keys
ro.gsid.image_running=0
gsid.image_installed=0
hwservicemanager.ready=true
sys.init.perf_lsm_hooks=1
init.svc.logd=running
init.svc.ueventd=running
init.svc.recovery=running
init.svc.watchdogd=running
init.svc.health-hal-2-1=running
init.svc.hwservicemanager=running
init.svc.vndservicemanager=running
init.svc.adbd=restarting
init.svc_debug_pid.adbd=509
init.svc_debug_pid.logd=500
init.svc_debug_pid.ueventd=482
init.svc_debug_pid.recovery=507
init.svc_debug_pid.watchdogd=501
init.svc_debug_pid.health-hal-2-1=508
init.svc_debug_pid.hwservicemanager=502
init.svc_debug_pid.vndservicemanager=506
ro.logd.kernel=true
persist.debug.dalvik.vm.core_platform_api_policy=just-warn
pm.dexopt.post-boot=extract
pm.dexopt.boot-after-ota=extract
ro.property_service.version=2
ro.minui.pixel_format=ABGR_8888
ro.minui.overscan_percent=0
ro.boot.serialno=RFCRA1PY67M
ro.serialno=RFCRA1PY67M
service.adb.root=1
external_storage.projid.enabled=1
external_storage.casefold.enabled=1
external_storage.sdcardfs.enabled=0
dev.mnt.blk.odm=
dev.mnt.blk.data=sda
dev.mnt.blk.cache=sda
dev.mnt.blk.sdcard=sda
dev.mnt.blk.vendor=
dev.mnt.blk.system_root=
net.bt.name=Android
persist.sys.usb.config=adb
persist.sys.disable_rescue=true
persist.traced.enable=1
sys.usb.config=adb
sys.usb.configfs=1
sys.usb.controller=10e00000.usb
ro.odm.build.id=SP2A.220405.004
ro.odm.build.tags=test-keys
ro.odm.build.type=eng
ro.odm.build.version.sdk=32
ro.odm.build.version.release=99.87.36
ro.odm.build.version.release_or_codename=99.87.36
ro.odm.product.cpu.abilist=arm64-v8a
ro.odm.product.cpu.abilist32=
ro.odm.product.cpu.abilist64=arm64-v8a
ro.vendor.build.security_patch=2099-12-31
ro.vndk.version=32
ro.product.vndk.version=32

I:Overriding ro.build.date.utc with value: "0"
I:Overriding ro.bootimage.build.date.utc with value: "0"
I:Overriding ro.vendor.build.date.utc with value: "0"
I:Overriding ro.system.build.date.utc with value: "0"
I:Overriding ro.system_ext.build.date.utc with value: "0"
I:Overriding ro.product.build.date.utc with value: "0"
I:Overriding ro.odm.build.date.utc with value: "0"
Running recovery script...
I:/system/bin/postrecoveryboot.sh process ended with RC=0
Done.
Updating partition details...
I:checking for twrp app
matches was 1 on <</dev/block/sda34 >>
matches was 1 on <</dev/block/sda34 >>
matches was 1 on <</dev/block/sda34 >>
matches was 1 on <</dev/block/sda34 >>
I:Data backup size is 337MB, free: 37316MB.
...done
matches was 1 on <</dev/block/sda34 >>
tw_get_context got selinux context: u:object_r:media_rw_data_file:s0, file: /data/media/0
I:Got default contexts and file mode for storage files.
SELinux contexts loaded from /file_contexts
Full SELinux support is present.
matches was 1 on <</dev/block/sda34 >>
I:Switching packages (TWRP)


Partition Logs:
/system_root | /dev/block/dm-0 | Size: 5138MB Used: 5138MB Free: 0MB Backup Size: 5138MB
   Flags: Can_Be_Mounted IsPresent Mount_Read_Only Is_Super 
   Primary_Block_Device: /dev/block/dm-0
   Display_Name: System
   Storage_Name: System
   Backup_Path: /system_root
   Backup_Name: system
   Backup_Display_Name: System
   Storage_Path: /system_root
   Current_File_System: erofs
   Fstab_File_System: erofs
   Backup_Method: files

/vendor | /dev/block/dm-1 | Size: 967MB Used: 967MB Free: 0MB Backup Size: 967MB
   Flags: Can_Be_Mounted IsPresent Mount_Read_Only Is_Super 
   Primary_Block_Device: /dev/block/dm-1
   Display_Name: Vendor
   Storage_Name: Vendor
   Backup_Path: /vendor
   Backup_Name: vendor
   Backup_Display_Name: Vendor
   Storage_Path: /vendor
   Current_File_System: erofs
   Fstab_File_System: erofs
   Backup_Method: files

/product | /dev/block/dm-2 | Size: 918MB Used: 918MB Free: 0MB Backup Size: 918MB
   Flags: Can_Be_Mounted IsPresent Mount_Read_Only Is_Super 
   Primary_Block_Device: /dev/block/dm-2
   Display_Name: Product
   Storage_Name: Product
   Backup_Path: /product
   Backup_Name: Product
   Backup_Display_Name: Product
   Storage_Path: /product
   Current_File_System: erofs
   Fstab_File_System: erofs
   Backup_Method: files

/odm | /dev/block/dm-3 | Size: 0MB Used: 0MB Free: 0MB Backup Size: 0MB
   Flags: Can_Be_Mounted IsPresent Mount_Read_Only Is_Super 
   Primary_Block_Device: /dev/block/dm-3
   Display_Name: ODM
   Storage_Name: ODM
   Backup_Path: /odm
   Backup_Name: ODM
   Backup_Display_Name: ODM
   Storage_Path: /odm
   Current_File_System: erofs
   Fstab_File_System: erofs
   Backup_Method: files

/misc | /dev/block/sda20 | Size: 1MB
   Flags: IsPresent 
   Primary_Block_Device: /dev/block/sda20
   Display_Name: misc
   Storage_Name: misc
   Backup_Path: /misc
   Backup_Name: misc
   Backup_Display_Name: misc
   Storage_Path: /misc
   Current_File_System: emmc
   Fstab_File_System: emmc
   Backup_Method: dd

/boot | /dev/block/sda13 | Size: 64MB
   Flags: Can_Be_Backed_Up IsPresent Can_Flash_Img 
   Primary_Block_Device: /dev/block/sda13
   Display_Name: Boot
   Storage_Name: Boot
   Backup_Path: /boot
   Backup_Name: boot
   Backup_Display_Name: Boot
   Storage_Path: /boot
   Current_File_System: emmc
   Fstab_File_System: emmc
   Backup_Method: dd

/cache | /dev/block/sda31 | Size: 565MB Used: 0MB Free: 565MB Backup Size: 0MB
   Flags: Can_Be_Mounted Can_Be_Wiped Can_Be_Backed_Up Wipe_During_Factory_Reset Wipe_Available_in_GUI IsPresent 
   Primary_Block_Device: /dev/block/sda31
   Display_Name: Cache
   Storage_Name: Cache
   Backup_Path: /cache
   Backup_Name: cache
   Backup_Display_Name: Cache
   Storage_Path: /cache
   Current_File_System: ext4
   Fstab_File_System: f2fs
   Backup_Method: files

/cp_debug | /dev/block/sda17 | Size: 7MB
   Flags: Can_Be_Backed_Up IsPresent 
   Primary_Block_Device: /dev/block/sda17
   Display_Name: CP Debug
   Storage_Name: CP Debug
   Backup_Path: /cp_debug
   Backup_Name: cp_debug
   Backup_Display_Name: CP Debug
   Storage_Path: /cp_debug
   Current_File_System: emmc
   Fstab_File_System: emmc
   Backup_Method: dd

/dtbo | /dev/block/sda11 | Size: 8MB
   Flags: Can_Be_Backed_Up IsPresent Can_Flash_Img 
   Primary_Block_Device: /dev/block/sda11
   Display_Name: Dtbo
   Storage_Name: Dtbo
   Backup_Path: /dtbo
   Backup_Name: dtbo
   Backup_Display_Name: Dtbo
   Storage_Path: /dtbo
   Current_File_System: emmc
   Fstab_File_System: emmc
   Backup_Method: dd

/efs | /dev/block/sda1 | Size: 15MB Used: 2MB Free: 12MB Backup Size: 2MB
   Flags: Can_Be_Mounted Can_Be_Wiped Can_Be_Backed_Up IsPresent 
   Primary_Block_Device: /dev/block/sda1
   Display_Name: EFS
   Storage_Name: EFS
   Backup_Path: /efs
   Backup_Name: efs
   Backup_Display_Name: EFS
   Storage_Path: /efs
   Current_File_System: ext4
   Fstab_File_System: ext4
   Backup_Method: files

/modem | /dev/block/sda16 | Size: 70MB
   Flags: Can_Be_Backed_Up IsPresent 
   Primary_Block_Device: /dev/block/sda16
   Display_Name: Modem
   Storage_Name: Modem
   Backup_Path: /modem
   Backup_Name: modem
   Backup_Display_Name: Modem
   Storage_Path: /modem
   Current_File_System: emmc
   Fstab_File_System: emmc
   Backup_Method: dd

/odm_image | /dev/block/dm-3 | Size: 0MB
   Flags: IsPresent Can_Flash_Img 
   Primary_Block_Device: /dev/block/dm-3
   Display_Name: Odm Image
   Storage_Name: Odm Image
   Backup_Path: /odm_image
   Backup_Name: odm_image
   Backup_Display_Name: Odm Image
   Storage_Path: /odm_image
   Current_File_System: emmc
   Fstab_File_System: emmc
   Backup_Method: dd

/optics_image | /dev/block/sda30 | Size: 30MB
   Flags: Can_Be_Backed_Up IsPresent Can_Flash_Img 
   Primary_Block_Device: /dev/block/sda30
   Display_Name: Optics Image
   Storage_Name: Optics Image
   Backup_Path: /optics_image
   Backup_Name: optics_image
   Backup_Display_Name: Optics Image
   Storage_Path: /optics_image
   Current_File_System: emmc
   Fstab_File_System: emmc
   Backup_Method: dd

/param | /dev/block/sda4 | Size: 8MB
   Flags: Can_Be_Backed_Up IsPresent 
   Primary_Block_Device: /dev/block/sda4
   Display_Name: Param
   Storage_Name: Param
   Backup_Path: /param
   Backup_Name: param
   Backup_Display_Name: Param
   Storage_Path: /param
   Current_File_System: emmc
   Fstab_File_System: emmc
   Backup_Method: dd

/prism_image | /dev/block/sda29 | Size: 1100MB
   Flags: Can_Be_Backed_Up IsPresent Can_Flash_Img 
   Primary_Block_Device: /dev/block/sda29
   Display_Name: Prism Image
   Storage_Name: Prism Image
   Backup_Path: /prism_image
   Backup_Name: prism_image
   Backup_Display_Name: Prism Image
   Storage_Path: /prism_image
   Current_File_System: emmc
   Fstab_File_System: emmc
   Backup_Method: dd

/product_image | /dev/block/dm-2 | Size: 936MB
   Flags: IsPresent Can_Flash_Img 
   Primary_Block_Device: /dev/block/dm-2
   Display_Name: Product Image
   Storage_Name: Product Image
   Backup_Path: /product_image
   Backup_Name: product_image
   Backup_Display_Name: Product Image
   Storage_Path: /product_image
   Current_File_System: emmc
   Fstab_File_System: emmc
   Backup_Method: dd

/recovery | /dev/block/sda15 | Size: 64MB
   Flags: Can_Be_Backed_Up IsPresent Can_Flash_Img 
   Primary_Block_Device: /dev/block/sda15
   Display_Name: Recovery
   Storage_Name: Recovery
   Backup_Path: /recovery
   Backup_Name: recovery
   Backup_Display_Name: Recovery
   Storage_Path: /recovery
   Current_File_System: emmc
   Fstab_File_System: emmc
   Backup_Method: dd

/sec_efs | /dev/block/sda2 | Size: 15MB Used: 4MB Free: 11MB Backup Size: 4MB
   Flags: Can_Be_Mounted Can_Be_Wiped Can_Be_Backed_Up IsPresent 
   Primary_Block_Device: /dev/block/sda2
   Display_Name: Sec EFS
   Storage_Name: Sec EFS
   Backup_Path: /sec_efs
   Backup_Name: sec_efs
   Backup_Display_Name: Sec EFS
   Storage_Path: /sec_efs
   Current_File_System: ext4
   Fstab_File_System: ext4
   Backup_Method: files

/system_image | /dev/block/dm-0 | Size: 5236MB
   Flags: IsPresent Can_Flash_Img 
   Primary_Block_Device: /dev/block/dm-0
   Display_Name: System Image
   Storage_Name: System Image
   Backup_Path: /system_image
   Backup_Name: system_image
   Backup_Display_Name: System Image
   Storage_Path: /system_image
   Current_File_System: emmc
   Fstab_File_System: emmc
   Backup_Method: dd

/usb-otg |  | Size: 0MB Used: 0MB Free: 0MB Backup Size: 0MB
   Flags: Can_Be_Mounted Can_Be_Wiped Wipe_Available_in_GUI Removable Is_Storage 
   Primary_Block_Device: /dev/block/sdf1
   Alternate_Block_Device: /dev/block/sdf
   Display_Name: USB-OTG
   Storage_Name: USB-OTG
   Backup_Path: /usb-otg
   Backup_Name: usb-otg
   Backup_Display_Name: USB-OTG
   Storage_Path: /usb-otg
   Current_File_System: auto
   Fstab_File_System: auto
   Backup_Method: files
   MTP_Storage_ID: 65537

/vbmeta_samsung |  | Size: 0MB
   Flags: 
   Primary_Block_Device: /dev/block/bootdevice/by-name/vbmeta_samsung
   Display_Name: vbmeta_samsung
   Storage_Name: vbmeta_samsung
   Backup_Path: /vbmeta_samsung
   Backup_Name: vbmeta_samsung
   Backup_Display_Name: vbmeta_samsung
   Storage_Path: /vbmeta_samsung
   Current_File_System: emmc
   Fstab_File_System: emmc
   Backup_Method: dd

/vbmeta_system | /dev/block/sda24 | Size: 0MB
   Flags: IsPresent 
   Primary_Block_Device: /dev/block/sda24
   Display_Name: vbmeta_system
   Storage_Name: vbmeta_system
   Backup_Path: /vbmeta_system
   Backup_Name: vbmeta_system
   Backup_Display_Name: vbmeta_system
   Storage_Path: /vbmeta_system
   Current_File_System: emmc
   Fstab_File_System: emmc
   Backup_Method: dd

/vendor_boot | /dev/block/sda14 | Size: 64MB
   Flags: Can_Be_Backed_Up IsPresent Can_Flash_Img 
   Primary_Block_Device: /dev/block/sda14
   Display_Name: Vendor Boot
   Storage_Name: Vendor Boot
   Backup_Path: /vendor_boot
   Backup_Name: vendor_boot
   Backup_Display_Name: Vendor Boot
   Storage_Path: /vendor_boot
   Current_File_System: emmc
   Fstab_File_System: emmc
   Backup_Method: dd

/vendor_image | /dev/block/dm-1 | Size: 986MB
   Flags: IsPresent Can_Flash_Img 
   Primary_Block_Device: /dev/block/dm-1
   Display_Name: Vendor Image
   Storage_Name: Vendor Image
   Backup_Path: /vendor_image
   Backup_Name: vendor_image
   Backup_Display_Name: Vendor Image
   Storage_Path: /vendor_image
   Current_File_System: emmc
   Fstab_File_System: emmc
   Backup_Method: dd

/metadata | /dev/block/sda25 | Size: 23MB Used: 0MB Free: 23MB Backup Size: 0MB
   Flags: Can_Be_Mounted Can_Be_Wiped Wipe_Available_in_GUI IsPresent 
   Primary_Block_Device: /dev/block/sda25
   Display_Name: Metadata
   Storage_Name: Metadata
   Backup_Path: /metadata
   Backup_Name: metadata
   Backup_Display_Name: Metadata
   Storage_Path: /metadata
   Current_File_System: ext4
   Fstab_File_System: ext4
   Backup_Method: files
   Mount_Flags: 1046, Mount_Options: noauto_da_alloc,discard,journal_checksum,data=ordered

/data | /dev/block/sda34 | Size: 108773MB Used: 337MB Free: 37316MB Backup Size: 337MB
   Flags: Can_Be_Mounted Can_Be_Wiped Can_Be_Backed_Up Wipe_During_Factory_Reset Wipe_Available_in_GUI IsPresent Has_Data_Media Can_Encrypt_Backup Use_Userdata_Encryption Is_Storage Is_Settings_Storage 
   Symlink_Path: /data/media/0
   Symlink_Mount_Point: /sdcard
   Primary_Block_Device: /dev/block/sda34
   Length: -20480
   Display_Name: Data
   Storage_Name: Internal Storage
   Backup_Path: /data
   Backup_Name: data
   Backup_Display_Name: Data
   Storage_Path: /data/media/0
   Current_File_System: f2fs
   Fstab_File_System: f2fs
   Backup_Method: files
   Mount_Flags: 1030, Mount_Options: discard,usrquota,grpquota,fsync_mode=nobarrier,reserve_root=32768,resgid=5678,inlinecrypt
   MTP_Storage_ID: 65538
   Metadata Key Directory: /metadata/vold/metadata_encryption

/super | /dev/block/by-name/super | Size: 10900MB
   Flags: Can_Be_Backed_Up IsPresent Can_Flash_Img 
   Alternate_Block_Device: /dev/block/by-name/super
   Display_Name: super
   Backup_Path: /super
   Backup_Name: super
   Backup_Display_Name: Super (system vendor product odm)
   Current_File_System: emmc
   Backup_Method: dd

I:No recovery folder found. Using default folder.
matches was 1 on <</dev/block/sda34 >>
matches was 1 on <</dev/block/sda34 >>
I:Attempt to load settings from settings file...
I:InfoManager loading from '/data/recovery/.twrps'.
I:No recovery folder found. Using default folder.
matches was 1 on <</dev/block/sda34 >>
I:Backup folder set to '/data/media/0/TWRP/BACKUPS/RFCRA1PY67M'
I:Version number saved to '/cache/recovery/.version'
I:Unable to mount '/usb-otg'
I:Actual block device: '', current file system: 'auto'
matches was 1 on <</dev/block/sda34 >>
I:TWFunc::Set_Brightness: Setting brightness control to 255
I:Starting MTP
I:Cannot find file /sys/class/android_usb/android0/idVendor
I:Cannot find file /sys/class/android_usb/android0/idProduct
matches was 1 on <</dev/block/sda34 >>
matches was 1 on <</dev/block/sda34 >>
I:sending message to add 65538 '/data/media/0' 'Internal Storage'
I:[MTP] Starting MTP
I:Message sent, add storage ID: 65538 '/data/media/0'
MTP Enabled
I:Starting Adb Backup FIFO
I:PageManager::LoadFileToBuffer loading filename: '/twres/languages/en.xml' directly
parsing languageFile
parsing languageFile done
I:Translating partition display names
I:No recovery folder found. Using default folder.
matches was 1 on <</dev/block/sda34 >>
I:Backup folder set to '/data/media/0/TWRP/BACKUPS/RFCRA1PY67M'
I:checking for twrp app
matches was 1 on <</dev/block/sda34 >>
I:App not installed
I:Switching packages (TWRP)
I:Set page: 'main'
I:Set page: 'clear_vars'
I:Set page: 'main2'
I:[MTP] created new mtpserver object
I:[MTP] mtppipe add storage 65538 '/data/media/0'
I:Set overlay: 'slideout'
I:Set overlay: ''
I:TWFunc::Set_Brightness: Setting brightness control to 5
I:TWFunc::Set_Brightness: Setting brightness control to 0
